ARM Linker, 5.03 [Build 24] [MDK-ARM Professional][RL-ARM]

==============================================================================

Section Cross References

    main.o(.text) refers to hw_config.o(.text) for Set_System
    main.o(.text) refers to usb_init.o(.text) for USB_Init
    main.o(.text) refers to usart.o(.text) for usart_init
    main.o(.text) refers to 24l01.o(.text) for NRF24L01_Init
    main.o(.text) refers to main.o(.data) for data_ready
    main.o(.text) refers to main.o(.bss) for recv
    stm32f10x_it.o(.text) refers to stm32f10x_exti.o(.text) for EXTI_GetITStatus
    stm32f10x_it.o(.text) refers to 24l01.o(.text) for NRF24L01_RxPacket
    stm32f10x_it.o(.text) refers to usb_istr.o(.text) for USB_Istr
    stm32f10x_it.o(.text) refers to main.o(.bss) for recv
    stm32f10x_it.o(.text) refers to main.o(.data) for data_ready
    24l01.o(.text) refers to stm32f10x_rcc.o(.text) for RCC_APB2PeriphClockCmd
    24l01.o(.text) refers to stm32f10x_gpio.o(.text) for GPIO_Init
    24l01.o(.text) refers to stm32f10x_spi.o(.text) for SPI_Init
    24l01.o(.text) refers to misc.o(.text) for NVIC_SetVectorTable
    24l01.o(.text) refers to stm32f10x_exti.o(.text) for EXTI_Init
    24l01.o(.text) refers to main.o(.data) for RX_ADDRESS
    usart.o(.text) refers (Special) to use_no_semi_2.o(.text) for __use_no_semihosting
    usart.o(.text) refers to stm32f10x_rcc.o(.text) for RCC_APB2PeriphClockCmd
    usart.o(.text) refers to stm32f10x_gpio.o(.text) for GPIO_Init
    usart.o(.text) refers to stm32f10x_usart.o(.text) for USART_Init
    usart.o(.data) refers (Special) to use_no_semi_2.o(.text) for __use_no_semihosting
    hw_config.o(.text) refers to stm32f10x_rcc.o(.text) for RCC_APB2PeriphClockCmd
    hw_config.o(.text) refers to stm32f10x_gpio.o(.text) for GPIO_Init
    hw_config.o(.text) refers to misc.o(.text) for NVIC_SetVectorTable
    hw_config.o(.text) refers to usb_regs.o(.text) for GetEPTxAddr
    hw_config.o(.text) refers to usb_mem.o(.text) for UserToPMABufferCopy
    hw_config.o(.text) refers to main.o(.data) for Mouse_Buffer
    usb_istr.o(.text) refers to usb_pwr.o(.text) for Resume
    usb_istr.o(.text) refers to usb_int.o(.text) for CTR_LP
    usb_istr.o(.text) refers to usb_istr.o(.data) for wIstr
    usb_istr.o(.text) refers to usb_init.o(.data) for wInterrupt_Mask
    usb_istr.o(.text) refers to usb_prop.o(.data) for Device_Property
    usb_istr.o(.text) refers to usb_pwr.o(.data) for fSuspendEnabled
    usb_istr.o(.data) refers to usb_endp.o(.text) for EP1_IN_Callback
    usb_istr.o(.data) refers to usb_core.o(.text) for NOP_Process
    usb_prop.o(.text) refers to usb_pwr.o(.text) for PowerOn
    usb_prop.o(.text) refers to usb_core.o(.text) for NOP_Process
    usb_prop.o(.text) refers to usb_regs.o(.text) for SetBTABLE
    usb_prop.o(.text) refers to usb_init.o(.data) for pInformation
    usb_prop.o(.text) refers to usb_desc.o(.constdata) for Joystick_ConfigDescriptor
    usb_prop.o(.text) refers to usb_pwr.o(.data) for bDeviceState
    usb_prop.o(.text) refers to usb_prop.o(.data) for Device_Property
    usb_prop.o(.data) refers to usb_prop.o(.text) for Joystick_init
    usb_prop.o(.data) refers to usb_core.o(.text) for NOP_Process
    usb_prop.o(.data) refers to usb_desc.o(.constdata) for Joystick_DeviceDescriptor
    usb_pwr.o(.text) refers to hw_config.o(.text) for USB_Cable_Config
    usb_pwr.o(.text) refers to usb_init.o(.data) for wInterrupt_Mask
    usb_pwr.o(.text) refers to usb_pwr.o(.data) for ResumeS
    usb_endp.o(.text) refers to main.o(.data) for PrevXferComplete
    startup_stm32f10x_md.o(STACK) refers (Special) to heapauxi.o(.text) for __use_two_region_memory
    startup_stm32f10x_md.o(HEAP) refers (Special) to heapauxi.o(.text) for __use_two_region_memory
    startup_stm32f10x_md.o(RESET) refers (Special) to heapauxi.o(.text) for __use_two_region_memory
    startup_stm32f10x_md.o(RESET) refers to startup_stm32f10x_md.o(STACK) for __initial_sp
    startup_stm32f10x_md.o(RESET) refers to startup_stm32f10x_md.o(.text) for Reset_Handler
    startup_stm32f10x_md.o(RESET) refers to stm32f10x_it.o(.text) for NMI_Handler
    startup_stm32f10x_md.o(.text) refers (Special) to heapauxi.o(.text) for __use_two_region_memory
    startup_stm32f10x_md.o(.text) refers to system_stm32f10x.o(.text) for SystemInit
    startup_stm32f10x_md.o(.text) refers to __main.o(!!!main) for __main
    startup_stm32f10x_md.o(.text) refers to startup_stm32f10x_md.o(HEAP) for Heap_Mem
    startup_stm32f10x_md.o(.text) refers to startup_stm32f10x_md.o(STACK) for Stack_Mem
    system_stm32f10x.o(.text) refers to system_stm32f10x.o(.data) for SystemCoreClock
    stm32f10x_spi.o(.text) refers to stm32f10x_rcc.o(.text) for RCC_APB2PeriphResetCmd
    stm32f10x_rcc.o(.text) refers to stm32f10x_rcc.o(.data) for APBAHBPrescTable
    stm32f10x_usart.o(.text) refers to stm32f10x_rcc.o(.text) for RCC_APB2PeriphResetCmd
    stm32f10x_gpio.o(.text) refers to stm32f10x_rcc.o(.text) for RCC_APB2PeriphResetCmd
    usb_core.o(.text) refers to usb_regs.o(.text) for ClearDTOG_TX
    usb_core.o(.text) refers to usb_mem.o(.text) for PMAToUserBufferCopy
    usb_core.o(.text) refers to usb_init.o(.data) for pInformation
    usb_core.o(.text) refers to usb_prop.o(.data) for Device_Table
    usb_core.o(.text) refers to usb_core.o(.data) for StatusInfo
    usb_core.o(.text) refers to usb_int.o(.data) for SaveRState
    usb_init.o(.text) refers to usb_init.o(.bss) for Device_Info
    usb_init.o(.text) refers to usb_init.o(.data) for pInformation
    usb_init.o(.text) refers to usb_prop.o(.data) for Device_Property
    usb_int.o(.text) refers to usb_core.o(.text) for In0_Process
    usb_int.o(.text) refers to usb_istr.o(.data) for wIstr
    usb_int.o(.text) refers to usb_init.o(.data) for EPindex
    usb_int.o(.text) refers to usb_int.o(.data) for SaveRState
    use_no_semi_2.o(.text) refers (Special) to use_no_semi.o(.text) for __use_no_semihosting_swi
    __main.o(!!!main) refers to rtentry.o(.ARM.Collect$$rtentry$$00000000) for __rt_entry
    rtentry.o(.ARM.Collect$$rtentry$$00000000) refers (Special) to rtentry2.o(.ARM.Collect$$rtentry$$0000000A) for __rt_entry_li
    rtentry.o(.ARM.Collect$$rtentry$$00000000) refers (Special) to rtentry2.o(.ARM.Collect$$rtentry$$0000000D) for __rt_entry_main
    rtentry.o(.ARM.Collect$$rtentry$$00000000) refers (Special) to rtentry2.o(.ARM.Collect$$rtentry$$0000000C) for __rt_entry_postli_1
    rtentry.o(.ARM.Collect$$rtentry$$00000000) refers (Special) to rtentry2.o(.ARM.Collect$$rtentry$$00000009) for __rt_entry_postsh_1
    rtentry.o(.ARM.Collect$$rtentry$$00000000) refers (Special) to rtentry2.o(.ARM.Collect$$rtentry$$00000002) for __rt_entry_presh_1
    rtentry.o(.ARM.Collect$$rtentry$$00000000) refers (Special) to rtentry4.o(.ARM.Collect$$rtentry$$00000004) for __rt_entry_sh
    rtentry2.o(.ARM.Collect$$rtentry$$00000008) refers to boardinit2.o(.text) for _platform_post_stackheap_init
    rtentry2.o(.ARM.Collect$$rtentry$$0000000A) refers to libinit.o(.ARM.Collect$$libinit$$00000000) for __rt_lib_init
    rtentry2.o(.ARM.Collect$$rtentry$$0000000B) refers to boardinit3.o(.text) for _platform_post_lib_init
    rtentry2.o(.ARM.Collect$$rtentry$$0000000D) refers to main.o(.text) for main
    rtentry2.o(.ARM.Collect$$rtentry$$0000000D) refers to exit.o(.text) for exit
    rtentry2.o(.ARM.exidx) refers to rtentry2.o(.ARM.Collect$$rtentry$$00000001) for .ARM.Collect$$rtentry$$00000001
    rtentry2.o(.ARM.exidx) refers to rtentry2.o(.ARM.Collect$$rtentry$$00000008) for .ARM.Collect$$rtentry$$00000008
    rtentry2.o(.ARM.exidx) refers to rtentry2.o(.ARM.Collect$$rtentry$$0000000A) for .ARM.Collect$$rtentry$$0000000A
    rtentry2.o(.ARM.exidx) refers to rtentry2.o(.ARM.Collect$$rtentry$$0000000B) for .ARM.Collect$$rtentry$$0000000B
    rtentry2.o(.ARM.exidx) refers to rtentry2.o(.ARM.Collect$$rtentry$$0000000D) for .ARM.Collect$$rtentry$$0000000D
    rtentry4.o(.ARM.Collect$$rtentry$$00000004) refers to sys_stackheap_outer.o(.text) for __user_setup_stackheap
    rtentry4.o(.ARM.exidx) refers to rtentry4.o(.ARM.Collect$$rtentry$$00000004) for .ARM.Collect$$rtentry$$00000004
    sys_stackheap_outer.o(.text) refers to libspace.o(.text) for __user_perproc_libspace
    sys_stackheap_outer.o(.text) refers to startup_stm32f10x_md.o(.text) for __user_initial_stackheap
    exit.o(.text) refers to rtexit.o(.ARM.Collect$$rtexit$$00000000) for __rt_exit
    libinit.o(.ARM.Collect$$libinit$$00000000) refers (Special) to libinit2.o(.ARM.Collect$$libinit$$0000002C) for __rt_lib_init_alloca_1
    libinit.o(.ARM.Collect$$libinit$$00000000) refers (Special) to libinit2.o(.ARM.Collect$$libinit$$0000002A) for __rt_lib_init_argv_1
    libinit.o(.ARM.Collect$$libinit$$00000000) refers (Special) to libinit2.o(.ARM.Collect$$libinit$$00000019) for __rt_lib_init_atexit_1
    libinit.o(.ARM.Collect$$libinit$$00000000) refers (Special) to libinit2.o(.ARM.Collect$$libinit$$0000001F) for __rt_lib_init_clock_1
    libinit.o(.ARM.Collect$$libinit$$00000000) refers (Special) to libinit2.o(.ARM.Collect$$libinit$$00000030) for __rt_lib_init_cpp_1
    libinit.o(.ARM.Collect$$libinit$$00000000) refers (Special) to libinit2.o(.ARM.Collect$$libinit$$0000002E) for __rt_lib_init_exceptions_1
    libinit.o(.ARM.Collect$$libinit$$00000000) refers (Special) to libinit2.o(.ARM.Collect$$libinit$$00000002) for __rt_lib_init_fp_1
    libinit.o(.ARM.Collect$$libinit$$00000000) refers (Special) to libinit2.o(.ARM.Collect$$libinit$$0000001D) for __rt_lib_init_fp_trap_1
    libinit.o(.ARM.Collect$$libinit$$00000000) refers (Special) to libinit2.o(.ARM.Collect$$libinit$$00000021) for __rt_lib_init_getenv_1
    libinit.o(.ARM.Collect$$libinit$$00000000) refers (Special) to libinit2.o(.ARM.Collect$$libinit$$00000008) for __rt_lib_init_heap_1
    libinit.o(.ARM.Collect$$libinit$$00000000) refers (Special) to libinit2.o(.ARM.Collect$$libinit$$0000000F) for __rt_lib_init_lc_collate_1
    libinit.o(.ARM.Collect$$libinit$$00000000) refers (Special) to libinit2.o(.ARM.Collect$$libinit$$00000011) for __rt_lib_init_lc_ctype_1
    libinit.o(.ARM.Collect$$libinit$$00000000) refers (Special) to libinit2.o(.ARM.Collect$$libinit$$00000013) for __rt_lib_init_lc_monetary_1
    libinit.o(.ARM.Collect$$libinit$$00000000) refers (Special) to libinit2.o(.ARM.Collect$$libinit$$00000015) for __rt_lib_init_lc_numeric_1
    libinit.o(.ARM.Collect$$libinit$$00000000) refers (Special) to libinit2.o(.ARM.Collect$$libinit$$00000017) for __rt_lib_init_lc_time_1
    libinit.o(.ARM.Collect$$libinit$$00000000) refers (Special) to libinit2.o(.ARM.Collect$$libinit$$0000000C) for __rt_lib_init_rand_1
    libinit.o(.ARM.Collect$$libinit$$00000000) refers (Special) to libinit2.o(.ARM.Collect$$libinit$$00000031) for __rt_lib_init_return
    libinit.o(.ARM.Collect$$libinit$$00000000) refers (Special) to libinit2.o(.ARM.Collect$$libinit$$0000001B) for __rt_lib_init_signal_1
    libinit.o(.ARM.Collect$$libinit$$00000000) refers (Special) to libinit2.o(.ARM.Collect$$libinit$$00000023) for __rt_lib_init_stdio_1
    libinit.o(.ARM.Collect$$libinit$$00000000) refers (Special) to libinit2.o(.ARM.Collect$$libinit$$0000000A) for __rt_lib_init_user_alloc_1
    libspace.o(.text) refers to libspace.o(.bss) for __libspace_start
    rtexit.o(.ARM.Collect$$rtexit$$00000000) refers (Special) to rtexit2.o(.ARM.Collect$$rtexit$$00000004) for __rt_exit_exit
    rtexit.o(.ARM.Collect$$rtexit$$00000000) refers (Special) to rtexit2.o(.ARM.Collect$$rtexit$$00000003) for __rt_exit_ls
    rtexit.o(.ARM.Collect$$rtexit$$00000000) refers (Special) to rtexit2.o(.ARM.Collect$$rtexit$$00000002) for __rt_exit_prels_1
    rtexit.o(.ARM.exidx) refers (Special) to rtexit2.o(.ARM.Collect$$rtexit$$00000004) for __rt_exit_exit
    rtexit.o(.ARM.exidx) refers (Special) to rtexit2.o(.ARM.Collect$$rtexit$$00000003) for __rt_exit_ls
    rtexit.o(.ARM.exidx) refers (Special) to rtexit2.o(.ARM.Collect$$rtexit$$00000002) for __rt_exit_prels_1
    rtexit.o(.ARM.exidx) refers to rtexit.o(.ARM.Collect$$rtexit$$00000000) for .ARM.Collect$$rtexit$$00000000
    libinit2.o(.ARM.Collect$$libinit$$0000000E) refers to libinit2.o(.ARM.Collect$$libinit$$0000000D) for .ARM.Collect$$libinit$$0000000D
    libinit2.o(.ARM.Collect$$libinit$$00000010) refers to libinit2.o(.ARM.Collect$$libinit$$0000000D) for .ARM.Collect$$libinit$$0000000D
    libinit2.o(.ARM.Collect$$libinit$$00000012) refers to libinit2.o(.ARM.Collect$$libinit$$0000000D) for .ARM.Collect$$libinit$$0000000D
    libinit2.o(.ARM.Collect$$libinit$$00000014) refers to libinit2.o(.ARM.Collect$$libinit$$0000000D) for .ARM.Collect$$libinit$$0000000D
    libinit2.o(.ARM.Collect$$libinit$$00000016) refers to libinit2.o(.ARM.Collect$$libinit$$0000000D) for .ARM.Collect$$libinit$$0000000D
    libinit2.o(.ARM.Collect$$libinit$$00000024) refers to argv_veneer.o(.emb_text) for __ARM_argv_veneer
    libinit2.o(.ARM.Collect$$libinit$$00000025) refers to argv_veneer.o(.emb_text) for __ARM_argv_veneer
    rtexit2.o(.ARM.Collect$$rtexit$$00000003) refers to libshutdown.o(.ARM.Collect$$libshutdown$$00000000) for __rt_lib_shutdown
    rtexit2.o(.ARM.Collect$$rtexit$$00000004) refers to usart.o(.text) for _sys_exit
    rtexit2.o(.ARM.exidx) refers to rtexit2.o(.ARM.Collect$$rtexit$$00000001) for .ARM.Collect$$rtexit$$00000001
    rtexit2.o(.ARM.exidx) refers to rtexit2.o(.ARM.Collect$$rtexit$$00000003) for .ARM.Collect$$rtexit$$00000003
    rtexit2.o(.ARM.exidx) refers to rtexit2.o(.ARM.Collect$$rtexit$$00000004) for .ARM.Collect$$rtexit$$00000004
    argv_veneer.o(.emb_text) refers to no_argv.o(.text) for __ARM_get_argv
    _get_argv_nomalloc.o(.text) refers (Special) to hrguard.o(.text) for __heap_region$guard
    _get_argv_nomalloc.o(.text) refers to defsig_rtmem_outer.o(.text) for __rt_SIGRTMEM
    _get_argv_nomalloc.o(.text) refers to sys_command.o(.text) for _sys_command_string
    libshutdown.o(.ARM.Collect$$libshutdown$$00000000) refers (Special) to libshutdown2.o(.ARM.Collect$$libshutdown$$00000006) for __rt_lib_shutdown_fp_trap_1
    libshutdown.o(.ARM.Collect$$libshutdown$$00000000) refers (Special) to libshutdown2.o(.ARM.Collect$$libshutdown$$0000000E) for __rt_lib_shutdown_heap_1
    libshutdown.o(.ARM.Collect$$libshutdown$$00000000) refers (Special) to libshutdown2.o(.ARM.Collect$$libshutdown$$0000000F) for __rt_lib_shutdown_return
    libshutdown.o(.ARM.Collect$$libshutdown$$00000000) refers (Special) to libshutdown2.o(.ARM.Collect$$libshutdown$$00000009) for __rt_lib_shutdown_signal_1
    libshutdown.o(.ARM.Collect$$libshutdown$$00000000) refers (Special) to libshutdown2.o(.ARM.Collect$$libshutdown$$00000003) for __rt_lib_shutdown_stdio_1
    libshutdown.o(.ARM.Collect$$libshutdown$$00000000) refers (Special) to libshutdown2.o(.ARM.Collect$$libshutdown$$0000000B) for __rt_lib_shutdown_user_alloc_1
    sys_command.o(.text) refers (Special) to use_no_semi.o(.text) for __I$use$semihosting
    sys_command.o(.text) refers (Special) to indicate_semi.o(.text) for __semihosting_library_function
    defsig_rtmem_outer.o(.text) refers to defsig_rtmem_inner.o(.text) for __rt_SIGRTMEM_inner
    defsig_rtmem_outer.o(.text) refers to defsig_exit.o(.text) for __sig_exit
    defsig_rtmem_formal.o(.text) refers to rt_raise.o(.text) for __rt_raise
    rt_raise.o(.text) refers to __raise.o(.text) for __raise
    rt_raise.o(.text) refers to usart.o(.text) for _sys_exit
    defsig_exit.o(.text) refers to usart.o(.text) for _sys_exit
    defsig_rtmem_inner.o(.text) refers to defsig_general.o(.text) for __default_signal_display
    __raise.o(.text) refers to defsig.o(CL$$defsig) for __default_signal_handler
    defsig_general.o(.text) refers to sys_wrch.o(.text) for _ttywrch
    sys_wrch.o(.text) refers (Special) to use_no_semi.o(.text) for __I$use$semihosting
    sys_wrch.o(.text) refers (Special) to indicate_semi.o(.text) for __semihosting_library_function
    defsig.o(CL$$defsig) refers to defsig_rtmem_inner.o(.text) for __rt_SIGRTMEM_inner
    defsig_abrt_inner.o(.text) refers to defsig_general.o(.text) for __default_signal_display
    defsig_fpe_inner.o(.text) refers to defsig_general.o(.text) for __default_signal_display
    defsig_rtred_inner.o(.text) refers to defsig_general.o(.text) for __default_signal_display
    defsig_stak_inner.o(.text) refers to defsig_general.o(.text) for __default_signal_display
    defsig_pvfn_inner.o(.text) refers to defsig_general.o(.text) for __default_signal_display
    defsig_cppl_inner.o(.text) refers to defsig_general.o(.text) for __default_signal_display
    defsig_segv_inner.o(.text) refers to defsig_general.o(.text) for __default_signal_display
    defsig_other.o(.text) refers to defsig_general.o(.text) for __default_signal_display


==============================================================================

Removing Unused input sections from the image.

    Removing usart.o(.data), (4 bytes).
    Removing hw_config.o(.data), (1 bytes).
    Removing led.o(.text), (60 bytes).
    Removing core_cm3.o(.emb_text), (32 bytes).

4 unused section(s) (total 97 bytes) removed from the image.

==============================================================================

Image Symbol Table

    Local Symbols

    Symbol Name                              Value     Ov Type        Size  Object(Section)

    ../clib/angel/boardlib.s                 0x00000000   Number         0  boardinit1.o ABSOLUTE
    ../clib/angel/boardlib.s                 0x00000000   Number         0  boardinit2.o ABSOLUTE
    ../clib/angel/boardlib.s                 0x00000000   Number         0  boardinit3.o ABSOLUTE
    ../clib/angel/boardlib.s                 0x00000000   Number         0  boardshut.o ABSOLUTE
    ../clib/angel/dczerorl2.s                0x00000000   Number         0  __dczerorl2.o ABSOLUTE
    ../clib/angel/handlers.s                 0x00000000   Number         0  __scatter_zi.o ABSOLUTE
    ../clib/angel/kernel.s                   0x00000000   Number         0  rtentry4.o ABSOLUTE
    ../clib/angel/kernel.s                   0x00000000   Number         0  rtentry.o ABSOLUTE
    ../clib/angel/kernel.s                   0x00000000   Number         0  rtentry2.o ABSOLUTE
    ../clib/angel/kernel.s                   0x00000000   Number         0  rtexit.o ABSOLUTE
    ../clib/angel/kernel.s                   0x00000000   Number         0  rtexit2.o ABSOLUTE
    ../clib/angel/rt.s                       0x00000000   Number         0  rt_raise.o ABSOLUTE
    ../clib/angel/scatter.s                  0x00000000   Number         0  __scatter.o ABSOLUTE
    ../clib/angel/startup.s                  0x00000000   Number         0  __main.o ABSOLUTE
    ../clib/angel/sys.s                      0x00000000   Number         0  use_no_semi.o ABSOLUTE
    ../clib/angel/sys.s                      0x00000000   Number         0  use_no_semi_2.o ABSOLUTE
    ../clib/angel/sys.s                      0x00000000   Number         0  sys_stackheap_outer.o ABSOLUTE
    ../clib/angel/sys.s                      0x00000000   Number         0  libspace.o ABSOLUTE
    ../clib/angel/sys.s                      0x00000000   Number         0  indicate_semi.o ABSOLUTE
    ../clib/angel/sysapp.c                   0x00000000   Number         0  sys_wrch.o ABSOLUTE
    ../clib/angel/sysapp.c                   0x00000000   Number         0  sys_command.o ABSOLUTE
    ../clib/armsys.c                         0x00000000   Number         0  argv_veneer.o ABSOLUTE
    ../clib/armsys.c                         0x00000000   Number         0  argv_veneer.o ABSOLUTE
    ../clib/armsys.c                         0x00000000   Number         0  _get_argv_nomalloc.o ABSOLUTE
    ../clib/armsys.c                         0x00000000   Number         0  no_argv.o ABSOLUTE
    ../clib/heapalloc.c                      0x00000000   Number         0  hrguard.o ABSOLUTE
    ../clib/heapaux.c                        0x00000000   Number         0  heapauxi.o ABSOLUTE
    ../clib/libinit.s                        0x00000000   Number         0  libinit.o ABSOLUTE
    ../clib/libinit.s                        0x00000000   Number         0  libinit2.o ABSOLUTE
    ../clib/libinit.s                        0x00000000   Number         0  libshutdown.o ABSOLUTE
    ../clib/libinit.s                        0x00000000   Number         0  libshutdown2.o ABSOLUTE
    ../clib/signal.c                         0x00000000   Number         0  defsig_segv_inner.o ABSOLUTE
    ../clib/signal.c                         0x00000000   Number         0  defsig_cppl_inner.o ABSOLUTE
    ../clib/signal.c                         0x00000000   Number         0  defsig_pvfn_inner.o ABSOLUTE
    ../clib/signal.c                         0x00000000   Number         0  defsig_stak_inner.o ABSOLUTE
    ../clib/signal.c                         0x00000000   Number         0  defsig_rtred_inner.o ABSOLUTE
    ../clib/signal.c                         0x00000000   Number         0  defsig_fpe_inner.o ABSOLUTE
    ../clib/signal.c                         0x00000000   Number         0  defsig_abrt_inner.o ABSOLUTE
    ../clib/signal.c                         0x00000000   Number         0  defsig_general.o ABSOLUTE
    ../clib/signal.c                         0x00000000   Number         0  __raise.o ABSOLUTE
    ../clib/signal.c                         0x00000000   Number         0  defsig_rtmem_inner.o ABSOLUTE
    ../clib/signal.c                         0x00000000   Number         0  defsig_exit.o ABSOLUTE
    ../clib/signal.c                         0x00000000   Number         0  defsig_rtmem_formal.o ABSOLUTE
    ../clib/signal.c                         0x00000000   Number         0  defsig_rtmem_outer.o ABSOLUTE
    ../clib/signal.c                         0x00000000   Number         0  defsig_other.o ABSOLUTE
    ../clib/signal.s                         0x00000000   Number         0  defsig.o ABSOLUTE
    ../clib/stdlib.c                         0x00000000   Number         0  exit.o ABSOLUTE
    ../fplib/fpinit.s                        0x00000000   Number         0  fpinit.o ABSOLUTE
    Library\CMSIS\CM3\CoreSupport\core_cm3.c 0x00000000   Number         0  core_cm3.o ABSOLUTE
    Library\CMSIS\CM3\DeviceSupport\ST\STM32F10x\startup\arm\startup_stm32f10x_md.s 0x00000000   Number         0  startup_stm32f10x_md.o ABSOLUTE
    Library\CMSIS\CM3\DeviceSupport\ST\STM32F10x\system_stm32f10x.c 0x00000000   Number         0  system_stm32f10x.o ABSOLUTE
    Library\STM32F10x_StdPeriph_Driver\src\misc.c 0x00000000   Number         0  misc.o ABSOLUTE
    Library\STM32F10x_StdPeriph_Driver\src\stm32f10x_exti.c 0x00000000   Number         0  stm32f10x_exti.o ABSOLUTE
    Library\STM32F10x_StdPeriph_Driver\src\stm32f10x_gpio.c 0x00000000   Number         0  stm32f10x_gpio.o ABSOLUTE
    Library\STM32F10x_StdPeriph_Driver\src\stm32f10x_rcc.c 0x00000000   Number         0  stm32f10x_rcc.o ABSOLUTE
    Library\STM32F10x_StdPeriph_Driver\src\stm32f10x_spi.c 0x00000000   Number         0  stm32f10x_spi.o ABSOLUTE
    Library\STM32F10x_StdPeriph_Driver\src\stm32f10x_usart.c 0x00000000   Number         0  stm32f10x_usart.o ABSOLUTE
    Library\\CMSIS\\CM3\\CoreSupport\\core_cm3.c 0x00000000   Number         0  core_cm3.o ABSOLUTE
    USB_Library\src\usb_core.c               0x00000000   Number         0  usb_core.o ABSOLUTE
    USB_Library\src\usb_init.c               0x00000000   Number         0  usb_init.o ABSOLUTE
    USB_Library\src\usb_int.c                0x00000000   Number         0  usb_int.o ABSOLUTE
    USB_Library\src\usb_mem.c                0x00000000   Number         0  usb_mem.o ABSOLUTE
    USB_Library\src\usb_regs.c               0x00000000   Number         0  usb_regs.o ABSOLUTE
    User\NRF24L01\24l01.c                    0x00000000   Number         0  24l01.o ABSOLUTE
    User\NRF24L01\usart.c                    0x00000000   Number         0  usart.o ABSOLUTE
    User\USB\hw_config.c                     0x00000000   Number         0  hw_config.o ABSOLUTE
    User\USB\led.c                           0x00000000   Number         0  led.o ABSOLUTE
    User\USB\usb_desc.c                      0x00000000   Number         0  usb_desc.o ABSOLUTE
    User\USB\usb_endp.c                      0x00000000   Number         0  usb_endp.o ABSOLUTE
    User\USB\usb_istr.c                      0x00000000   Number         0  usb_istr.o ABSOLUTE
    User\USB\usb_prop.c                      0x00000000   Number         0  usb_prop.o ABSOLUTE
    User\USB\usb_pwr.c                       0x00000000   Number         0  usb_pwr.o ABSOLUTE
    User\main.c                              0x00000000   Number         0  main.o ABSOLUTE
    User\stm32f10x_it.c                      0x00000000   Number         0  stm32f10x_it.o ABSOLUTE
    dc.s                                     0x00000000   Number         0  dc.o ABSOLUTE
    RESET                                    0x08000000   Section      236  startup_stm32f10x_md.o(RESET)
    !!!main                                  0x080000ec   Section        8  __main.o(!!!main)
    !!!scatter                               0x080000f4   Section       52  __scatter.o(!!!scatter)
    !!dczerorl2                              0x08000128   Section       90  __dczerorl2.o(!!dczerorl2)
    !!handler_zi                             0x08000184   Section       28  __scatter_zi.o(!!handler_zi)
    .ARM.Collect$$libinit$$00000000          0x080001a0   Section        2  libinit.o(.ARM.Collect$$libinit$$00000000)
    .ARM.Collect$$libinit$$00000002          0x080001a2   Section        0  libinit2.o(.ARM.Collect$$libinit$$00000002)
    .ARM.Collect$$libinit$$00000008          0x080001a2   Section        0  libinit2.o(.ARM.Collect$$libinit$$00000008)
    .ARM.Collect$$libinit$$0000000A          0x080001a2   Section        0  libinit2.o(.ARM.Collect$$libinit$$0000000A)
    .ARM.Collect$$libinit$$0000000C          0x080001a2   Section        0  libinit2.o(.ARM.Collect$$libinit$$0000000C)
    .ARM.Collect$$libinit$$0000000F          0x080001a2   Section        0  libinit2.o(.ARM.Collect$$libinit$$0000000F)
    .ARM.Collect$$libinit$$00000011          0x080001a2   Section        0  libinit2.o(.ARM.Collect$$libinit$$00000011)
    .ARM.Collect$$libinit$$00000013          0x080001a2   Section        0  libinit2.o(.ARM.Collect$$libinit$$00000013)
    .ARM.Collect$$libinit$$00000015          0x080001a2   Section        0  libinit2.o(.ARM.Collect$$libinit$$00000015)
    .ARM.Collect$$libinit$$00000017          0x080001a2   Section        0  libinit2.o(.ARM.Collect$$libinit$$00000017)
    .ARM.Collect$$libinit$$00000019          0x080001a2   Section        0  libinit2.o(.ARM.Collect$$libinit$$00000019)
    .ARM.Collect$$libinit$$0000001B          0x080001a2   Section        0  libinit2.o(.ARM.Collect$$libinit$$0000001B)
    .ARM.Collect$$libinit$$0000001D          0x080001a2   Section        0  libinit2.o(.ARM.Collect$$libinit$$0000001D)
    .ARM.Collect$$libinit$$0000001F          0x080001a2   Section        0  libinit2.o(.ARM.Collect$$libinit$$0000001F)
    .ARM.Collect$$libinit$$00000021          0x080001a2   Section        0  libinit2.o(.ARM.Collect$$libinit$$00000021)
    .ARM.Collect$$libinit$$00000023          0x080001a2   Section        0  libinit2.o(.ARM.Collect$$libinit$$00000023)
    .ARM.Collect$$libinit$$0000002A          0x080001a2   Section        0  libinit2.o(.ARM.Collect$$libinit$$0000002A)
    .ARM.Collect$$libinit$$0000002C          0x080001a2   Section        0  libinit2.o(.ARM.Collect$$libinit$$0000002C)
    .ARM.Collect$$libinit$$0000002E          0x080001a2   Section        0  libinit2.o(.ARM.Collect$$libinit$$0000002E)
    .ARM.Collect$$libinit$$00000030          0x080001a2   Section        0  libinit2.o(.ARM.Collect$$libinit$$00000030)
    .ARM.Collect$$libinit$$00000031          0x080001a2   Section        2  libinit2.o(.ARM.Collect$$libinit$$00000031)
    .ARM.Collect$$libshutdown$$00000000      0x080001a4   Section        2  libshutdown.o(.ARM.Collect$$libshutdown$$00000000)
    .ARM.Collect$$libshutdown$$00000003      0x080001a6   Section        0  libshutdown2.o(.ARM.Collect$$libshutdown$$00000003)
    .ARM.Collect$$libshutdown$$00000006      0x080001a6   Section        0  libshutdown2.o(.ARM.Collect$$libshutdown$$00000006)
    .ARM.Collect$$libshutdown$$00000009      0x080001a6   Section        0  libshutdown2.o(.ARM.Collect$$libshutdown$$00000009)
    .ARM.Collect$$libshutdown$$0000000B      0x080001a6   Section        0  libshutdown2.o(.ARM.Collect$$libshutdown$$0000000B)
    .ARM.Collect$$libshutdown$$0000000E      0x080001a6   Section        0  libshutdown2.o(.ARM.Collect$$libshutdown$$0000000E)
    .ARM.Collect$$libshutdown$$0000000F      0x080001a6   Section        2  libshutdown2.o(.ARM.Collect$$libshutdown$$0000000F)
    .ARM.Collect$$rtentry$$00000000          0x080001a8   Section        0  rtentry.o(.ARM.Collect$$rtentry$$00000000)
    .ARM.Collect$$rtentry$$00000002          0x080001a8   Section        0  rtentry2.o(.ARM.Collect$$rtentry$$00000002)
    .ARM.Collect$$rtentry$$00000004          0x080001a8   Section        6  rtentry4.o(.ARM.Collect$$rtentry$$00000004)
    .ARM.Collect$$rtentry$$00000009          0x080001ae   Section        0  rtentry2.o(.ARM.Collect$$rtentry$$00000009)
    .ARM.Collect$$rtentry$$0000000A          0x080001ae   Section        4  rtentry2.o(.ARM.Collect$$rtentry$$0000000A)
    .ARM.Collect$$rtentry$$0000000C          0x080001b2   Section        0  rtentry2.o(.ARM.Collect$$rtentry$$0000000C)
    .ARM.Collect$$rtentry$$0000000D          0x080001b2   Section        8  rtentry2.o(.ARM.Collect$$rtentry$$0000000D)
    .ARM.Collect$$rtexit$$00000000           0x080001ba   Section        2  rtexit.o(.ARM.Collect$$rtexit$$00000000)
    .ARM.Collect$$rtexit$$00000002           0x080001bc   Section        0  rtexit2.o(.ARM.Collect$$rtexit$$00000002)
    .ARM.Collect$$rtexit$$00000003           0x080001bc   Section        4  rtexit2.o(.ARM.Collect$$rtexit$$00000003)
    .ARM.Collect$$rtexit$$00000004           0x080001c0   Section        6  rtexit2.o(.ARM.Collect$$rtexit$$00000004)
    .text                                    0x080001c8   Section        0  main.o(.text)
    .text                                    0x08000254   Section        0  stm32f10x_it.o(.text)
    .text                                    0x0800029c   Section        0  24l01.o(.text)
    .text                                    0x08000640   Section        0  usart.o(.text)
    .text                                    0x080006d8   Section        0  hw_config.o(.text)
    .text                                    0x08000834   Section        0  usb_istr.o(.text)
    .text                                    0x0800092c   Section        0  usb_prop.o(.text)
    .text                                    0x08000b44   Section        0  usb_pwr.o(.text)
    .text                                    0x08000c8c   Section        0  usb_endp.o(.text)
    .text                                    0x08000c98   Section       64  startup_stm32f10x_md.o(.text)
    .text                                    0x08000cd8   Section        0  system_stm32f10x.o(.text)
    SetSysClockTo72                          0x08000cd9   Thumb Code   212  system_stm32f10x.o(.text)
    SetSysClock                              0x08000dad   Thumb Code     8  system_stm32f10x.o(.text)
    .text                                    0x08000eb4   Section        0  misc.o(.text)
    .text                                    0x08000f90   Section        0  stm32f10x_spi.o(.text)
    .text                                    0x0800129c   Section        0  stm32f10x_rcc.o(.text)
    .text                                    0x08001640   Section        0  stm32f10x_usart.o(.text)
    .text                                    0x08001a48   Section        0  stm32f10x_gpio.o(.text)
    .text                                    0x08001da0   Section        0  stm32f10x_exti.o(.text)
    .text                                    0x08001ebc   Section        0  usb_core.o(.text)
    DataStageOut                             0x0800226f   Thumb Code   200  usb_core.o(.text)
    DataStageIn                              0x08002337   Thumb Code   126  usb_core.o(.text)
    NoData_Setup0                            0x080023b5   Thumb Code   300  usb_core.o(.text)
    Data_Setup0                              0x080024e1   Thumb Code   586  usb_core.o(.text)
    .text                                    0x0800290c   Section        0  usb_init.o(.text)
    .text                                    0x08002948   Section        0  usb_int.o(.text)
    .text                                    0x08002c00   Section        0  usb_mem.o(.text)
    .text                                    0x08002c5c   Section        0  usb_regs.o(.text)
    .text                                    0x0800339c   Section        2  use_no_semi_2.o(.text)
    .text                                    0x0800339e   Section        0  heapauxi.o(.text)
    .text                                    0x080033a4   Section        2  use_no_semi.o(.text)
    .text                                    0x080033a6   Section       74  sys_stackheap_outer.o(.text)
    .text                                    0x080033f0   Section        0  exit.o(.text)
    .text                                    0x080033fc   Section        8  libspace.o(.text)
    .constdata                               0x08003404   Section      224  usb_desc.o(.constdata)
    .data                                    0x20000000   Section       20  main.o(.data)
    .data                                    0x20000014   Section       62  usb_istr.o(.data)
    .data                                    0x20000054   Section      156  usb_prop.o(.data)
    .data                                    0x200000f0   Section        4  usb_pwr.o(.data)
    .data                                    0x200000f4   Section       20  system_stm32f10x.o(.data)
    .data                                    0x20000108   Section       20  stm32f10x_rcc.o(.data)
    APBAHBPrescTable                         0x20000108   Data          16  stm32f10x_rcc.o(.data)
    ADCPrescTable                            0x20000118   Data           4  stm32f10x_rcc.o(.data)
    .data                                    0x2000011c   Section        2  usb_core.o(.data)
    .data                                    0x20000120   Section       20  usb_init.o(.data)
    .data                                    0x20000134   Section        4  usb_int.o(.data)
    .bss                                     0x20000138   Section       32  main.o(.bss)
    .bss                                     0x20000158   Section       28  usb_init.o(.bss)
    .bss                                     0x20000174   Section       96  libspace.o(.bss)
    HEAP                                     0x200001d8   Section      512  startup_stm32f10x_md.o(HEAP)
    Heap_Mem                                 0x200001d8   Data         512  startup_stm32f10x_md.o(HEAP)
    STACK                                    0x200003d8   Section     1024  startup_stm32f10x_md.o(STACK)
    Stack_Mem                                0x200003d8   Data        1024  startup_stm32f10x_md.o(STACK)
    __initial_sp                             0x200007d8   Data           0  startup_stm32f10x_md.o(STACK)

    Global Symbols

    Symbol Name                              Value     Ov Type        Size  Object(Section)

    BuildAttributes$$THM_ISAv4$P$D$K$B$S$PE$A:L22UL41UL21$X:L11$S22US41US21$IEEE1$IW$USESV6$~STKCKD$USESV7$~SHL$OSPACE$ROPI$EBA8$UX$STANDARDLIB$REQ8$PRES8$EABIv2 0x00000000   Number         0  anon$$obj.o ABSOLUTE
    __ARM_use_no_argv                        0x00000000   Number         0  main.o ABSOLUTE
    __ARM_exceptions_init                     - Undefined Weak Reference
    __alloca_initialize                       - Undefined Weak Reference
    __cpp_initialize__aeabi_                  - Undefined Weak Reference
    __cxa_finalize                            - Undefined Weak Reference
    __rt_locale                               - Undefined Weak Reference
    __sigvec_lookup                           - Undefined Weak Reference
    _atexit_init                              - Undefined Weak Reference
    _call_atexit_fns                          - Undefined Weak Reference
    _clock_init                               - Undefined Weak Reference
    _fp_trap_init                             - Undefined Weak Reference
    _fp_trap_shutdown                         - Undefined Weak Reference
    _get_lc_collate                           - Undefined Weak Reference
    _get_lc_ctype                             - Undefined Weak Reference
    _get_lc_monetary                          - Undefined Weak Reference
    _get_lc_numeric                           - Undefined Weak Reference
    _get_lc_time                              - Undefined Weak Reference
    _getenv_init                              - Undefined Weak Reference
    _handle_redirection                       - Undefined Weak Reference
    _init_alloc                               - Undefined Weak Reference
    _init_user_alloc                          - Undefined Weak Reference
    _initio                                   - Undefined Weak Reference
    _rand_init                                - Undefined Weak Reference
    _signal_finish                            - Undefined Weak Reference
    _signal_init                              - Undefined Weak Reference
    _terminate_alloc                          - Undefined Weak Reference
    _terminate_user_alloc                     - Undefined Weak Reference
    _terminateio                              - Undefined Weak Reference
    __Vectors_Size                           0x000000ec   Number         0  startup_stm32f10x_md.o ABSOLUTE
    __Vectors                                0x08000000   Data           4  startup_stm32f10x_md.o(RESET)
    __Vectors_End                            0x080000ec   Data           0  startup_stm32f10x_md.o(RESET)
    __main                                   0x080000ed   Thumb Code     8  __main.o(!!!main)
    __scatterload                            0x080000f5   Thumb Code     0  __scatter.o(!!!scatter)
    __scatterload_rt2                        0x080000f5   Thumb Code    44  __scatter.o(!!!scatter)
    __scatterload_rt2_thumb_only             0x080000f5   Thumb Code     0  __scatter.o(!!!scatter)
    __scatterload_null                       0x08000103   Thumb Code     0  __scatter.o(!!!scatter)
    __decompress                             0x08000129   Thumb Code    90  __dczerorl2.o(!!dczerorl2)
    __decompress1                            0x08000129   Thumb Code     0  __dczerorl2.o(!!dczerorl2)
    __scatterload_zeroinit                   0x08000185   Thumb Code    28  __scatter_zi.o(!!handler_zi)
    __rt_lib_init                            0x080001a1   Thumb Code     0  libinit.o(.ARM.Collect$$libinit$$00000000)
    __rt_lib_init_alloca_1                   0x080001a3   Thumb Code     0  libinit2.o(.ARM.Collect$$libinit$$0000002C)
    __rt_lib_init_argv_1                     0x080001a3   Thumb Code     0  libinit2.o(.ARM.Collect$$libinit$$0000002A)
    __rt_lib_init_atexit_1                   0x080001a3   Thumb Code     0  libinit2.o(.ARM.Collect$$libinit$$00000019)
    __rt_lib_init_clock_1                    0x080001a3   Thumb Code     0  libinit2.o(.ARM.Collect$$libinit$$0000001F)
    __rt_lib_init_cpp_1                      0x080001a3   Thumb Code     0  libinit2.o(.ARM.Collect$$libinit$$00000030)
    __rt_lib_init_exceptions_1               0x080001a3   Thumb Code     0  libinit2.o(.ARM.Collect$$libinit$$0000002E)
    __rt_lib_init_fp_1                       0x080001a3   Thumb Code     0  libinit2.o(.ARM.Collect$$libinit$$00000002)
    __rt_lib_init_fp_trap_1                  0x080001a3   Thumb Code     0  libinit2.o(.ARM.Collect$$libinit$$0000001D)
    __rt_lib_init_getenv_1                   0x080001a3   Thumb Code     0  libinit2.o(.ARM.Collect$$libinit$$00000021)
    __rt_lib_init_heap_1                     0x080001a3   Thumb Code     0  libinit2.o(.ARM.Collect$$libinit$$00000008)
    __rt_lib_init_lc_collate_1               0x080001a3   Thumb Code     0  libinit2.o(.ARM.Collect$$libinit$$0000000F)
    __rt_lib_init_lc_ctype_1                 0x080001a3   Thumb Code     0  libinit2.o(.ARM.Collect$$libinit$$00000011)
    __rt_lib_init_lc_monetary_1              0x080001a3   Thumb Code     0  libinit2.o(.ARM.Collect$$libinit$$00000013)
    __rt_lib_init_lc_numeric_1               0x080001a3   Thumb Code     0  libinit2.o(.ARM.Collect$$libinit$$00000015)
    __rt_lib_init_lc_time_1                  0x080001a3   Thumb Code     0  libinit2.o(.ARM.Collect$$libinit$$00000017)
    __rt_lib_init_rand_1                     0x080001a3   Thumb Code     0  libinit2.o(.ARM.Collect$$libinit$$0000000C)
    __rt_lib_init_return                     0x080001a3   Thumb Code     0  libinit2.o(.ARM.Collect$$libinit$$00000031)
    __rt_lib_init_signal_1                   0x080001a3   Thumb Code     0  libinit2.o(.ARM.Collect$$libinit$$0000001B)
    __rt_lib_init_stdio_1                    0x080001a3   Thumb Code     0  libinit2.o(.ARM.Collect$$libinit$$00000023)
    __rt_lib_init_user_alloc_1               0x080001a3   Thumb Code     0  libinit2.o(.ARM.Collect$$libinit$$0000000A)
    __rt_lib_shutdown                        0x080001a5   Thumb Code     0  libshutdown.o(.ARM.Collect$$libshutdown$$00000000)
    __rt_lib_shutdown_fp_trap_1              0x080001a7   Thumb Code     0  libshutdown2.o(.ARM.Collect$$libshutdown$$00000006)
    __rt_lib_shutdown_heap_1                 0x080001a7   Thumb Code     0  libshutdown2.o(.ARM.Collect$$libshutdown$$0000000E)
    __rt_lib_shutdown_return                 0x080001a7   Thumb Code     0  libshutdown2.o(.ARM.Collect$$libshutdown$$0000000F)
    __rt_lib_shutdown_signal_1               0x080001a7   Thumb Code     0  libshutdown2.o(.ARM.Collect$$libshutdown$$00000009)
    __rt_lib_shutdown_stdio_1                0x080001a7   Thumb Code     0  libshutdown2.o(.ARM.Collect$$libshutdown$$00000003)
    __rt_lib_shutdown_user_alloc_1           0x080001a7   Thumb Code     0  libshutdown2.o(.ARM.Collect$$libshutdown$$0000000B)
    __rt_entry                               0x080001a9   Thumb Code     0  rtentry.o(.ARM.Collect$$rtentry$$00000000)
    __rt_entry_presh_1                       0x080001a9   Thumb Code     0  rtentry2.o(.ARM.Collect$$rtentry$$00000002)
    __rt_entry_sh                            0x080001a9   Thumb Code     0  rtentry4.o(.ARM.Collect$$rtentry$$00000004)
    __rt_entry_li                            0x080001af   Thumb Code     0  rtentry2.o(.ARM.Collect$$rtentry$$0000000A)
    __rt_entry_postsh_1                      0x080001af   Thumb Code     0  rtentry2.o(.ARM.Collect$$rtentry$$00000009)
    __rt_entry_main                          0x080001b3   Thumb Code     0  rtentry2.o(.ARM.Collect$$rtentry$$0000000D)
    __rt_entry_postli_1                      0x080001b3   Thumb Code     0  rtentry2.o(.ARM.Collect$$rtentry$$0000000C)
    __rt_exit                                0x080001bb   Thumb Code     0  rtexit.o(.ARM.Collect$$rtexit$$00000000)
    __rt_exit_ls                             0x080001bd   Thumb Code     0  rtexit2.o(.ARM.Collect$$rtexit$$00000003)
    __rt_exit_prels_1                        0x080001bd   Thumb Code     0  rtexit2.o(.ARM.Collect$$rtexit$$00000002)
    __rt_exit_exit                           0x080001c1   Thumb Code     0  rtexit2.o(.ARM.Collect$$rtexit$$00000004)
    Delay                                    0x080001c9   Thumb Code    18  main.o(.text)
    JTAG_Set                                 0x080001db   Thumb Code    38  main.o(.text)
    main                                     0x08000201   Thumb Code    62  main.o(.text)
    EXTI2_IRQHandler                         0x08000255   Thumb Code    30  stm32f10x_it.o(.text)
    USB_LP_CAN1_RX0_IRQHandler               0x08000273   Thumb Code     8  stm32f10x_it.o(.text)
    NMI_Handler                              0x0800027b   Thumb Code     2  stm32f10x_it.o(.text)
    HardFault_Handler                        0x0800027d   Thumb Code     4  stm32f10x_it.o(.text)
    MemManage_Handler                        0x08000281   Thumb Code     4  stm32f10x_it.o(.text)
    BusFault_Handler                         0x08000285   Thumb Code     4  stm32f10x_it.o(.text)
    UsageFault_Handler                       0x08000289   Thumb Code     4  stm32f10x_it.o(.text)
    DebugMon_Handler                         0x0800028d   Thumb Code     2  stm32f10x_it.o(.text)
    SVC_Handler                              0x0800028f   Thumb Code     2  stm32f10x_it.o(.text)
    PendSV_Handler                           0x08000291   Thumb Code     2  stm32f10x_it.o(.text)
    SysTick_Handler                          0x08000293   Thumb Code     2  stm32f10x_it.o(.text)
    SPI1_Init                                0x0800029d   Thumb Code   114  24l01.o(.text)
    NRF24L01_it_irq                          0x0800030f   Thumb Code   106  24l01.o(.text)
    NRF24L01_Init                            0x08000379   Thumb Code    86  24l01.o(.text)
    SPI1_ReadWriteByte                       0x080003cf   Thumb Code    66  24l01.o(.text)
    NRF24L01_Write_Reg                       0x08000411   Thumb Code    40  24l01.o(.text)
    NRF24L01_Read_Reg                        0x08000439   Thumb Code    38  24l01.o(.text)
    NRF24L01_Read_Buf                        0x0800045f   Thumb Code    60  24l01.o(.text)
    NRF24L01_Write_Buf                       0x0800049b   Thumb Code    60  24l01.o(.text)
    NRF24L01_TxPacket                        0x080004d7   Thumb Code    92  24l01.o(.text)
    NRF24L01_RxPacket                        0x08000533   Thumb Code    68  24l01.o(.text)
    RX_Mode                                  0x08000577   Thumb Code   102  24l01.o(.text)
    TX_Mode                                  0x080005dd   Thumb Code    78  24l01.o(.text)
    _sys_exit                                0x08000641   Thumb Code     6  usart.o(.text)
    fputc                                    0x08000647   Thumb Code    22  usart.o(.text)
    usart_init                               0x0800065d   Thumb Code   116  usart.o(.text)
    Set_System                               0x080006d9   Thumb Code    38  hw_config.o(.text)
    Set_USBClock                             0x080006ff   Thumb Code    18  hw_config.o(.text)
    Enter_LowPowerMode                       0x08000711   Thumb Code     2  hw_config.o(.text)
    Leave_LowPowerMode                       0x08000713   Thumb Code     2  hw_config.o(.text)
    USB_Interrupts_Config                    0x08000715   Thumb Code    50  hw_config.o(.text)
    USB_Cable_Config                         0x08000747   Thumb Code    26  hw_config.o(.text)
    JoyState                                 0x08000761   Thumb Code    34  hw_config.o(.text)
    Joystick_Send                            0x08000783   Thumb Code   156  hw_config.o(.text)
    USB_Istr                                 0x08000835   Thumb Code   222  usb_istr.o(.text)
    Joystick_init                            0x0800092d   Thumb Code    72  usb_prop.o(.text)
    Joystick_Reset                           0x08000975   Thumb Code   130  usb_prop.o(.text)
    Joystick_Status_In                       0x080009f7   Thumb Code     2  usb_prop.o(.text)
    Joystick_Status_Out                      0x080009f9   Thumb Code     2  usb_prop.o(.text)
    Joystick_GetProtocolValue                0x080009fb   Thumb Code    20  usb_prop.o(.text)
    Joystick_GetHIDDescriptor                0x08000a0f   Thumb Code    14  usb_prop.o(.text)
    Joystick_GetReportDescriptor             0x08000a1d   Thumb Code    14  usb_prop.o(.text)
    Joystick_Data_Setup                      0x08000a2b   Thumb Code   114  usb_prop.o(.text)
    Joystick_SetProtocol                     0x08000a9d   Thumb Code    14  usb_prop.o(.text)
    Joystick_NoData_Setup                    0x08000aab   Thumb Code    32  usb_prop.o(.text)
    Joystick_GetDeviceDescriptor             0x08000acb   Thumb Code    14  usb_prop.o(.text)
    Joystick_GetConfigDescriptor             0x08000ad9   Thumb Code    14  usb_prop.o(.text)
    Joystick_GetStringDescriptor             0x08000ae7   Thumb Code    24  usb_prop.o(.text)
    Joystick_Get_Interface_Setting           0x08000aff   Thumb Code    22  usb_prop.o(.text)
    PowerOn                                  0x08000b45   Thumb Code    54  usb_pwr.o(.text)
    PowerOff                                 0x08000b7b   Thumb Code    28  usb_pwr.o(.text)
    Suspend                                  0x08000b97   Thumb Code    34  usb_pwr.o(.text)
    Resume_Init                              0x08000bb9   Thumb Code    30  usb_pwr.o(.text)
    Resume                                   0x08000bd7   Thumb Code   168  usb_pwr.o(.text)
    EP1_IN_Callback                          0x08000c8d   Thumb Code     8  usb_endp.o(.text)
    Reset_Handler                            0x08000c99   Thumb Code     8  startup_stm32f10x_md.o(.text)
    ADC1_2_IRQHandler                        0x08000cb3   Thumb Code     0  startup_stm32f10x_md.o(.text)
    CAN1_RX1_IRQHandler                      0x08000cb3   Thumb Code     0  startup_stm32f10x_md.o(.text)
    CAN1_SCE_IRQHandler                      0x08000cb3   Thumb Code     0  startup_stm32f10x_md.o(.text)
    DMA1_Channel1_IRQHandler                 0x08000cb3   Thumb Code     0  startup_stm32f10x_md.o(.text)
    DMA1_Channel2_IRQHandler                 0x08000cb3   Thumb Code     0  startup_stm32f10x_md.o(.text)
    DMA1_Channel3_IRQHandler                 0x08000cb3   Thumb Code     0  startup_stm32f10x_md.o(.text)
    DMA1_Channel4_IRQHandler                 0x08000cb3   Thumb Code     0  startup_stm32f10x_md.o(.text)
    DMA1_Channel5_IRQHandler                 0x08000cb3   Thumb Code     0  startup_stm32f10x_md.o(.text)
    DMA1_Channel6_IRQHandler                 0x08000cb3   Thumb Code     0  startup_stm32f10x_md.o(.text)
    DMA1_Channel7_IRQHandler                 0x08000cb3   Thumb Code     0  startup_stm32f10x_md.o(.text)
    EXTI0_IRQHandler                         0x08000cb3   Thumb Code     0  startup_stm32f10x_md.o(.text)
    EXTI15_10_IRQHandler                     0x08000cb3   Thumb Code     0  startup_stm32f10x_md.o(.text)
    EXTI1_IRQHandler                         0x08000cb3   Thumb Code     0  startup_stm32f10x_md.o(.text)
    EXTI3_IRQHandler                         0x08000cb3   Thumb Code     0  startup_stm32f10x_md.o(.text)
    EXTI4_IRQHandler                         0x08000cb3   Thumb Code     0  startup_stm32f10x_md.o(.text)
    EXTI9_5_IRQHandler                       0x08000cb3   Thumb Code     0  startup_stm32f10x_md.o(.text)
    FLASH_IRQHandler                         0x08000cb3   Thumb Code     0  startup_stm32f10x_md.o(.text)
    I2C1_ER_IRQHandler                       0x08000cb3   Thumb Code     0  startup_stm32f10x_md.o(.text)
    I2C1_EV_IRQHandler                       0x08000cb3   Thumb Code     0  startup_stm32f10x_md.o(.text)
    I2C2_ER_IRQHandler                       0x08000cb3   Thumb Code     0  startup_stm32f10x_md.o(.text)
    I2C2_EV_IRQHandler                       0x08000cb3   Thumb Code     0  startup_stm32f10x_md.o(.text)
    PVD_IRQHandler                           0x08000cb3   Thumb Code     0  startup_stm32f10x_md.o(.text)
    RCC_IRQHandler                           0x08000cb3   Thumb Code     0  startup_stm32f10x_md.o(.text)
    RTCAlarm_IRQHandler                      0x08000cb3   Thumb Code     0  startup_stm32f10x_md.o(.text)
    RTC_IRQHandler                           0x08000cb3   Thumb Code     0  startup_stm32f10x_md.o(.text)
    SPI1_IRQHandler                          0x08000cb3   Thumb Code     0  startup_stm32f10x_md.o(.text)
    SPI2_IRQHandler                          0x08000cb3   Thumb Code     0  startup_stm32f10x_md.o(.text)
    TAMPER_IRQHandler                        0x08000cb3   Thumb Code     0  startup_stm32f10x_md.o(.text)
    TIM1_BRK_IRQHandler                      0x08000cb3   Thumb Code     0  startup_stm32f10x_md.o(.text)
    TIM1_CC_IRQHandler                       0x08000cb3   Thumb Code     0  startup_stm32f10x_md.o(.text)
    TIM1_TRG_COM_IRQHandler                  0x08000cb3   Thumb Code     0  startup_stm32f10x_md.o(.text)
    TIM1_UP_IRQHandler                       0x08000cb3   Thumb Code     0  startup_stm32f10x_md.o(.text)
    TIM2_IRQHandler                          0x08000cb3   Thumb Code     0  startup_stm32f10x_md.o(.text)
    TIM3_IRQHandler                          0x08000cb3   Thumb Code     0  startup_stm32f10x_md.o(.text)
    TIM4_IRQHandler                          0x08000cb3   Thumb Code     0  startup_stm32f10x_md.o(.text)
    USART1_IRQHandler                        0x08000cb3   Thumb Code     0  startup_stm32f10x_md.o(.text)
    USART2_IRQHandler                        0x08000cb3   Thumb Code     0  startup_stm32f10x_md.o(.text)
    USART3_IRQHandler                        0x08000cb3   Thumb Code     0  startup_stm32f10x_md.o(.text)
    USBWakeUp_IRQHandler                     0x08000cb3   Thumb Code     0  startup_stm32f10x_md.o(.text)
    USB_HP_CAN1_TX_IRQHandler                0x08000cb3   Thumb Code     0  startup_stm32f10x_md.o(.text)
    WWDG_IRQHandler                          0x08000cb3   Thumb Code     0  startup_stm32f10x_md.o(.text)
    __user_initial_stackheap                 0x08000cb5   Thumb Code     0  startup_stm32f10x_md.o(.text)
    SystemInit                               0x08000db5   Thumb Code    78  system_stm32f10x.o(.text)
    SystemCoreClockUpdate                    0x08000e03   Thumb Code   142  system_stm32f10x.o(.text)
    NVIC_PriorityGroupConfig                 0x08000eb5   Thumb Code    10  misc.o(.text)
    NVIC_Init                                0x08000ebf   Thumb Code   102  misc.o(.text)
    NVIC_SetVectorTable                      0x08000f25   Thumb Code    14  misc.o(.text)
    NVIC_SystemLPConfig                      0x08000f33   Thumb Code    34  misc.o(.text)
    SysTick_CLKSourceConfig                  0x08000f55   Thumb Code    40  misc.o(.text)
    SPI_I2S_DeInit                           0x08000f91   Thumb Code    76  stm32f10x_spi.o(.text)
    SPI_Init                                 0x08000fdd   Thumb Code    60  stm32f10x_spi.o(.text)
    I2S_Init                                 0x08001019   Thumb Code   226  stm32f10x_spi.o(.text)
    SPI_StructInit                           0x080010fb   Thumb Code    24  stm32f10x_spi.o(.text)
    I2S_StructInit                           0x08001113   Thumb Code    20  stm32f10x_spi.o(.text)
    SPI_Cmd                                  0x08001127   Thumb Code    24  stm32f10x_spi.o(.text)
    I2S_Cmd                                  0x0800113f   Thumb Code    24  stm32f10x_spi.o(.text)
    SPI_I2S_ITConfig                         0x08001157   Thumb Code    32  stm32f10x_spi.o(.text)
    SPI_I2S_DMACmd                           0x08001177   Thumb Code    18  stm32f10x_spi.o(.text)
    SPI_I2S_SendData                         0x08001189   Thumb Code     4  stm32f10x_spi.o(.text)
    SPI_I2S_ReceiveData                      0x0800118d   Thumb Code     6  stm32f10x_spi.o(.text)
    SPI_NSSInternalSoftwareConfig            0x08001193   Thumb Code    30  stm32f10x_spi.o(.text)
    SPI_SSOutputCmd                          0x080011b1   Thumb Code    24  stm32f10x_spi.o(.text)
    SPI_DataSizeConfig                       0x080011c9   Thumb Code    18  stm32f10x_spi.o(.text)
    SPI_TransmitCRC                          0x080011db   Thumb Code    10  stm32f10x_spi.o(.text)
    SPI_CalculateCRC                         0x080011e5   Thumb Code    24  stm32f10x_spi.o(.text)
    SPI_GetCRC                               0x080011fd   Thumb Code    16  stm32f10x_spi.o(.text)
    SPI_GetCRCPolynomial                     0x0800120d   Thumb Code     6  stm32f10x_spi.o(.text)
    SPI_BiDirectionalLineConfig              0x08001213   Thumb Code    28  stm32f10x_spi.o(.text)
    SPI_I2S_GetFlagStatus                    0x0800122f   Thumb Code    18  stm32f10x_spi.o(.text)
    SPI_I2S_ClearFlag                        0x08001241   Thumb Code     6  stm32f10x_spi.o(.text)
    SPI_I2S_GetITStatus                      0x08001247   Thumb Code    52  stm32f10x_spi.o(.text)
    SPI_I2S_ClearITPendingBit                0x0800127b   Thumb Code    20  stm32f10x_spi.o(.text)
    RCC_DeInit                               0x0800129d   Thumb Code    64  stm32f10x_rcc.o(.text)
    RCC_HSEConfig                            0x080012dd   Thumb Code    70  stm32f10x_rcc.o(.text)
    RCC_GetFlagStatus                        0x08001323   Thumb Code    56  stm32f10x_rcc.o(.text)
    RCC_WaitForHSEStartUp                    0x0800135b   Thumb Code    56  stm32f10x_rcc.o(.text)
    RCC_AdjustHSICalibrationValue            0x08001393   Thumb Code    20  stm32f10x_rcc.o(.text)
    RCC_HSICmd                               0x080013a7   Thumb Code     6  stm32f10x_rcc.o(.text)
    RCC_PLLConfig                            0x080013ad   Thumb Code    24  stm32f10x_rcc.o(.text)
    RCC_PLLCmd                               0x080013c5   Thumb Code     6  stm32f10x_rcc.o(.text)
    RCC_SYSCLKConfig                         0x080013cb   Thumb Code    18  stm32f10x_rcc.o(.text)
    RCC_GetSYSCLKSource                      0x080013dd   Thumb Code    10  stm32f10x_rcc.o(.text)
    RCC_HCLKConfig                           0x080013e7   Thumb Code    18  stm32f10x_rcc.o(.text)
    RCC_PCLK1Config                          0x080013f9   Thumb Code    18  stm32f10x_rcc.o(.text)
    RCC_PCLK2Config                          0x0800140b   Thumb Code    20  stm32f10x_rcc.o(.text)
    RCC_ITConfig                             0x0800141f   Thumb Code    26  stm32f10x_rcc.o(.text)
    RCC_USBCLKConfig                         0x08001439   Thumb Code     6  stm32f10x_rcc.o(.text)
    RCC_ADCCLKConfig                         0x0800143f   Thumb Code    18  stm32f10x_rcc.o(.text)
    RCC_LSEConfig                            0x08001451   Thumb Code    44  stm32f10x_rcc.o(.text)
    RCC_LSICmd                               0x0800147d   Thumb Code     6  stm32f10x_rcc.o(.text)
    RCC_RTCCLKConfig                         0x08001483   Thumb Code    12  stm32f10x_rcc.o(.text)
    RCC_RTCCLKCmd                            0x0800148f   Thumb Code     8  stm32f10x_rcc.o(.text)
    RCC_GetClocksFreq                        0x08001497   Thumb Code   192  stm32f10x_rcc.o(.text)
    RCC_AHBPeriphClockCmd                    0x08001557   Thumb Code    26  stm32f10x_rcc.o(.text)
    RCC_APB2PeriphClockCmd                   0x08001571   Thumb Code    26  stm32f10x_rcc.o(.text)
    RCC_APB1PeriphClockCmd                   0x0800158b   Thumb Code    26  stm32f10x_rcc.o(.text)
    RCC_APB2PeriphResetCmd                   0x080015a5   Thumb Code    26  stm32f10x_rcc.o(.text)
    RCC_APB1PeriphResetCmd                   0x080015bf   Thumb Code    26  stm32f10x_rcc.o(.text)
    RCC_BackupResetCmd                       0x080015d9   Thumb Code     8  stm32f10x_rcc.o(.text)
    RCC_ClockSecuritySystemCmd               0x080015e1   Thumb Code     6  stm32f10x_rcc.o(.text)
    RCC_MCOConfig                            0x080015e7   Thumb Code     6  stm32f10x_rcc.o(.text)
    RCC_ClearFlag                            0x080015ed   Thumb Code    14  stm32f10x_rcc.o(.text)
    RCC_GetITStatus                          0x080015fb   Thumb Code    20  stm32f10x_rcc.o(.text)
    RCC_ClearITPendingBit                    0x0800160f   Thumb Code     6  stm32f10x_rcc.o(.text)
    USART_DeInit                             0x08001641   Thumb Code   134  stm32f10x_usart.o(.text)
    USART_Init                               0x080016c7   Thumb Code   210  stm32f10x_usart.o(.text)
    USART_StructInit                         0x08001799   Thumb Code    24  stm32f10x_usart.o(.text)
    USART_ClockInit                          0x080017b1   Thumb Code    34  stm32f10x_usart.o(.text)
    USART_ClockStructInit                    0x080017d3   Thumb Code    12  stm32f10x_usart.o(.text)
    USART_Cmd                                0x080017df   Thumb Code    24  stm32f10x_usart.o(.text)
    USART_ITConfig                           0x080017f7   Thumb Code    74  stm32f10x_usart.o(.text)
    USART_DMACmd                             0x08001841   Thumb Code    18  stm32f10x_usart.o(.text)
    USART_SetAddress                         0x08001853   Thumb Code    18  stm32f10x_usart.o(.text)
    USART_WakeUpConfig                       0x08001865   Thumb Code    18  stm32f10x_usart.o(.text)
    USART_ReceiverWakeUpCmd                  0x08001877   Thumb Code    24  stm32f10x_usart.o(.text)
    USART_LINBreakDetectLengthConfig         0x0800188f   Thumb Code    18  stm32f10x_usart.o(.text)
    USART_LINCmd                             0x080018a1   Thumb Code    24  stm32f10x_usart.o(.text)
    USART_SendData                           0x080018b9   Thumb Code     8  stm32f10x_usart.o(.text)
    USART_ReceiveData                        0x080018c1   Thumb Code    10  stm32f10x_usart.o(.text)
    USART_SendBreak                          0x080018cb   Thumb Code    10  stm32f10x_usart.o(.text)
    USART_SetGuardTime                       0x080018d5   Thumb Code    16  stm32f10x_usart.o(.text)
    USART_SetPrescaler                       0x080018e5   Thumb Code    16  stm32f10x_usart.o(.text)
    USART_SmartCardCmd                       0x080018f5   Thumb Code    24  stm32f10x_usart.o(.text)
    USART_SmartCardNACKCmd                   0x0800190d   Thumb Code    24  stm32f10x_usart.o(.text)
    USART_HalfDuplexCmd                      0x08001925   Thumb Code    24  stm32f10x_usart.o(.text)
    USART_OverSampling8Cmd                   0x0800193d   Thumb Code    22  stm32f10x_usart.o(.text)
    USART_OneBitMethodCmd                    0x08001953   Thumb Code    24  stm32f10x_usart.o(.text)
    USART_IrDAConfig                         0x0800196b   Thumb Code    18  stm32f10x_usart.o(.text)
    USART_IrDACmd                            0x0800197d   Thumb Code    24  stm32f10x_usart.o(.text)
    USART_GetFlagStatus                      0x08001995   Thumb Code    26  stm32f10x_usart.o(.text)
    USART_ClearFlag                          0x080019af   Thumb Code    18  stm32f10x_usart.o(.text)
    USART_GetITStatus                        0x080019c1   Thumb Code    84  stm32f10x_usart.o(.text)
    USART_ClearITPendingBit                  0x08001a15   Thumb Code    52  stm32f10x_usart.o(.text)
    GPIO_DeInit                              0x08001a49   Thumb Code   172  stm32f10x_gpio.o(.text)
    GPIO_AFIODeInit                          0x08001af5   Thumb Code    20  stm32f10x_gpio.o(.text)
    GPIO_Init                                0x08001b09   Thumb Code   274  stm32f10x_gpio.o(.text)
    GPIO_StructInit                          0x08001c1b   Thumb Code    16  stm32f10x_gpio.o(.text)
    GPIO_ReadInputDataBit                    0x08001c2b   Thumb Code    18  stm32f10x_gpio.o(.text)
    GPIO_ReadInputData                       0x08001c3d   Thumb Code     8  stm32f10x_gpio.o(.text)
    GPIO_ReadOutputDataBit                   0x08001c45   Thumb Code    18  stm32f10x_gpio.o(.text)
    GPIO_ReadOutputData                      0x08001c57   Thumb Code     8  stm32f10x_gpio.o(.text)
    GPIO_SetBits                             0x08001c5f   Thumb Code     4  stm32f10x_gpio.o(.text)
    GPIO_ResetBits                           0x08001c63   Thumb Code     4  stm32f10x_gpio.o(.text)
    GPIO_WriteBit                            0x08001c67   Thumb Code    10  stm32f10x_gpio.o(.text)
    GPIO_Write                               0x08001c71   Thumb Code     4  stm32f10x_gpio.o(.text)
    GPIO_PinLockConfig                       0x08001c75   Thumb Code    18  stm32f10x_gpio.o(.text)
    GPIO_EventOutputConfig                   0x08001c87   Thumb Code    26  stm32f10x_gpio.o(.text)
    GPIO_EventOutputCmd                      0x08001ca1   Thumb Code     6  stm32f10x_gpio.o(.text)
    GPIO_PinRemapConfig                      0x08001ca7   Thumb Code   138  stm32f10x_gpio.o(.text)
    GPIO_EXTILineConfig                      0x08001d31   Thumb Code    66  stm32f10x_gpio.o(.text)
    GPIO_ETH_MediaInterfaceConfig            0x08001d73   Thumb Code     6  stm32f10x_gpio.o(.text)
    EXTI_DeInit                              0x08001da1   Thumb Code    28  stm32f10x_exti.o(.text)
    EXTI_Init                                0x08001dbd   Thumb Code   142  stm32f10x_exti.o(.text)
    EXTI_StructInit                          0x08001e4b   Thumb Code    16  stm32f10x_exti.o(.text)
    EXTI_GenerateSWInterrupt                 0x08001e5b   Thumb Code    16  stm32f10x_exti.o(.text)
    EXTI_GetFlagStatus                       0x08001e6b   Thumb Code    22  stm32f10x_exti.o(.text)
    EXTI_ClearFlag                           0x08001e81   Thumb Code     8  stm32f10x_exti.o(.text)
    EXTI_GetITStatus                         0x08001e89   Thumb Code    34  stm32f10x_exti.o(.text)
    EXTI_ClearITPendingBit                   0x08001eab   Thumb Code     8  stm32f10x_exti.o(.text)
    Standard_GetConfiguration                0x08001ebd   Thumb Code    34  usb_core.o(.text)
    Standard_SetConfiguration                0x08001edf   Thumb Code    60  usb_core.o(.text)
    Standard_GetInterface                    0x08001f1b   Thumb Code    34  usb_core.o(.text)
    Standard_SetInterface                    0x08001f3d   Thumb Code    96  usb_core.o(.text)
    Standard_GetStatus                       0x08001f9d   Thumb Code   216  usb_core.o(.text)
    Standard_ClearFeature                    0x08002075   Thumb Code   292  usb_core.o(.text)
    Standard_SetEndPointFeature              0x08002199   Thumb Code   152  usb_core.o(.text)
    Standard_SetDeviceFeature                0x08002231   Thumb Code    30  usb_core.o(.text)
    Standard_GetDescriptorData               0x0800224f   Thumb Code    32  usb_core.o(.text)
    Post0_Process                            0x0800272b   Thumb Code    54  usb_core.o(.text)
    Setup0_Process                           0x08002761   Thumb Code   162  usb_core.o(.text)
    SetDeviceAddress                         0x08002803   Thumb Code    60  usb_core.o(.text)
    In0_Process                              0x0800283f   Thumb Code    98  usb_core.o(.text)
    Out0_Process                             0x080028a1   Thumb Code    70  usb_core.o(.text)
    NOP_Process                              0x080028e7   Thumb Code     2  usb_core.o(.text)
    USB_Init                                 0x0800290d   Thumb Code    36  usb_init.o(.text)
    CTR_LP                                   0x08002949   Thumb Code   510  usb_int.o(.text)
    CTR_HP                                   0x08002b47   Thumb Code   156  usb_int.o(.text)
    UserToPMABufferCopy                      0x08002c01   Thumb Code    52  usb_mem.o(.text)
    PMAToUserBufferCopy                      0x08002c35   Thumb Code    34  usb_mem.o(.text)
    SetCNTR                                  0x08002c5d   Thumb Code     6  usb_regs.o(.text)
    GetCNTR                                  0x08002c63   Thumb Code     8  usb_regs.o(.text)
    SetISTR                                  0x08002c6b   Thumb Code     8  usb_regs.o(.text)
    GetISTR                                  0x08002c73   Thumb Code    10  usb_regs.o(.text)
    GetFNR                                   0x08002c7d   Thumb Code    10  usb_regs.o(.text)
    SetDADDR                                 0x08002c87   Thumb Code     8  usb_regs.o(.text)
    GetDADDR                                 0x08002c8f   Thumb Code    10  usb_regs.o(.text)
    SetBTABLE                                0x08002c99   Thumb Code    14  usb_regs.o(.text)
    GetBTABLE                                0x08002ca7   Thumb Code    10  usb_regs.o(.text)
    SetENDPOINT                              0x08002cb1   Thumb Code    10  usb_regs.o(.text)
    GetENDPOINT                              0x08002cbb   Thumb Code    14  usb_regs.o(.text)
    SetEPType                                0x08002cc9   Thumb Code    26  usb_regs.o(.text)
    GetEPType                                0x08002ce3   Thumb Code    16  usb_regs.o(.text)
    SetEPTxStatus                            0x08002cf3   Thumb Code    48  usb_regs.o(.text)
    SetEPRxStatus                            0x08002d23   Thumb Code    48  usb_regs.o(.text)
    SetDouBleBuffEPStall                     0x08002d53   Thumb Code    50  usb_regs.o(.text)
    GetEPTxStatus                            0x08002d85   Thumb Code    16  usb_regs.o(.text)
    GetEPRxStatus                            0x08002d95   Thumb Code    16  usb_regs.o(.text)
    SetEPTxValid                             0x08002da5   Thumb Code    34  usb_regs.o(.text)
    SetEPRxValid                             0x08002dc7   Thumb Code    34  usb_regs.o(.text)
    SetEP_KIND                               0x08002de9   Thumb Code    28  usb_regs.o(.text)
    ClearEP_KIND                             0x08002e05   Thumb Code    24  usb_regs.o(.text)
    Clear_Status_Out                         0x08002e1d   Thumb Code    24  usb_regs.o(.text)
    Set_Status_Out                           0x08002e35   Thumb Code    28  usb_regs.o(.text)
    SetEPDoubleBuff                          0x08002e51   Thumb Code    28  usb_regs.o(.text)
    ClearEPDoubleBuff                        0x08002e6d   Thumb Code    24  usb_regs.o(.text)
    GetTxStallStatus                         0x08002e85   Thumb Code    26  usb_regs.o(.text)
    GetRxStallStatus                         0x08002e9f   Thumb Code    28  usb_regs.o(.text)
    ClearEP_CTR_RX                           0x08002ebb   Thumb Code    28  usb_regs.o(.text)
    ClearEP_CTR_TX                           0x08002ed7   Thumb Code    24  usb_regs.o(.text)
    ToggleDTOG_RX                            0x08002eef   Thumb Code    28  usb_regs.o(.text)
    ToggleDTOG_TX                            0x08002f0b   Thumb Code    28  usb_regs.o(.text)
    ClearDTOG_RX                             0x08002f27   Thumb Code    42  usb_regs.o(.text)
    ClearDTOG_TX                             0x08002f51   Thumb Code    42  usb_regs.o(.text)
    SetEPAddress                             0x08002f7b   Thumb Code    26  usb_regs.o(.text)
    GetEPAddress                             0x08002f95   Thumb Code    16  usb_regs.o(.text)
    SetEPTxAddr                              0x08002fa5   Thumb Code    26  usb_regs.o(.text)
    SetEPRxAddr                              0x08002fbf   Thumb Code    28  usb_regs.o(.text)
    GetEPTxAddr                              0x08002fdb   Thumb Code    24  usb_regs.o(.text)
    GetEPRxAddr                              0x08002ff3   Thumb Code    26  usb_regs.o(.text)
    SetEPTxCount                             0x0800300d   Thumb Code    22  usb_regs.o(.text)
    SetEPCountRxReg                          0x08003023   Thumb Code    54  usb_regs.o(.text)
    SetEPRxCount                             0x08003059   Thumb Code    66  usb_regs.o(.text)
    GetEPTxCount                             0x0800309b   Thumb Code    26  usb_regs.o(.text)
    GetEPRxCount                             0x080030b5   Thumb Code    26  usb_regs.o(.text)
    SetEPDblBuffAddr                         0x080030cf   Thumb Code    44  usb_regs.o(.text)
    SetEPDblBuf0Addr                         0x080030fb   Thumb Code    24  usb_regs.o(.text)
    SetEPDblBuf1Addr                         0x08003113   Thumb Code    26  usb_regs.o(.text)
    GetEPDblBuf0Addr                         0x0800312d   Thumb Code    22  usb_regs.o(.text)
    GetEPDblBuf1Addr                         0x08003143   Thumb Code    24  usb_regs.o(.text)
    SetEPDblBuffCount                        0x0800315b   Thumb Code   182  usb_regs.o(.text)
    SetEPDblBuf0Count                        0x08003211   Thumb Code    94  usb_regs.o(.text)
    SetEPDblBuf1Count                        0x0800326f   Thumb Code    94  usb_regs.o(.text)
    GetEPDblBuf0Count                        0x080032cd   Thumb Code    26  usb_regs.o(.text)
    GetEPDblBuf1Count                        0x080032e7   Thumb Code    26  usb_regs.o(.text)
    GetEPDblBufDir                           0x08003301   Thumb Code    62  usb_regs.o(.text)
    FreeUserBuffer                           0x0800333f   Thumb Code    64  usb_regs.o(.text)
    ToWord                                   0x0800337f   Thumb Code     8  usb_regs.o(.text)
    ByteSwap                                 0x08003387   Thumb Code    12  usb_regs.o(.text)
    __use_no_semihosting                     0x0800339d   Thumb Code     2  use_no_semi_2.o(.text)
    __use_two_region_memory                  0x0800339f   Thumb Code     2  heapauxi.o(.text)
    __rt_heap_escrow$2region                 0x080033a1   Thumb Code     2  heapauxi.o(.text)
    __rt_heap_expand$2region                 0x080033a3   Thumb Code     2  heapauxi.o(.text)
    __I$use$semihosting                      0x080033a5   Thumb Code     0  use_no_semi.o(.text)
    __use_no_semihosting_swi                 0x080033a5   Thumb Code     2  use_no_semi.o(.text)
    __user_setup_stackheap                   0x080033a7   Thumb Code    74  sys_stackheap_outer.o(.text)
    exit                                     0x080033f1   Thumb Code    12  exit.o(.text)
    __user_libspace                          0x080033fd   Thumb Code     8  libspace.o(.text)
    __user_perproc_libspace                  0x080033fd   Thumb Code     0  libspace.o(.text)
    __user_perthread_libspace                0x080033fd   Thumb Code     0  libspace.o(.text)
    Joystick_DeviceDescriptor                0x08003404   Data          18  usb_desc.o(.constdata)
    Joystick_ConfigDescriptor                0x08003416   Data          34  usb_desc.o(.constdata)
    Joystick_ReportDescriptor                0x08003438   Data          74  usb_desc.o(.constdata)
    Joystick_StringLangID                    0x08003482   Data           4  usb_desc.o(.constdata)
    Joystick_StringVendor                    0x08003486   Data          38  usb_desc.o(.constdata)
    Joystick_StringProduct                   0x080034ac   Data          30  usb_desc.o(.constdata)
    Joystick_StringSerial                    0x080034ca   Data          26  usb_desc.o(.constdata)
    Region$$Table$$Base                      0x080034e4   Number         0  anon$$obj.o(Region$$Table)
    Region$$Table$$Limit                     0x08003504   Number         0  anon$$obj.o(Region$$Table)
    data_ready                               0x20000000   Data           4  main.o(.data)
    TX_ADDRESS                               0x20000004   Data           5  main.o(.data)
    RX_ADDRESS                               0x20000009   Data           5  main.o(.data)
    PrevXferComplete                         0x2000000e   Data           1  main.o(.data)
    Mouse_Buffer                             0x2000000f   Data           4  main.o(.data)
    PreButton                                0x20000013   Data           1  main.o(.data)
    bIntPackSOF                              0x20000014   Data           1  usb_istr.o(.data)
    pEpInt_IN                                0x20000018   Data          28  usb_istr.o(.data)
    pEpInt_OUT                               0x20000034   Data          28  usb_istr.o(.data)
    wIstr                                    0x20000050   Data           2  usb_istr.o(.data)
    Device_Table                             0x20000054   Data           2  usb_prop.o(.data)
    Device_Property                          0x20000058   Data          48  usb_prop.o(.data)
    User_Standard_Requests                   0x20000088   Data          36  usb_prop.o(.data)
    Device_Descriptor                        0x200000ac   Data           8  usb_prop.o(.data)
    Config_Descriptor                        0x200000b4   Data           8  usb_prop.o(.data)
    Joystick_Report_Descriptor               0x200000bc   Data           8  usb_prop.o(.data)
    Mouse_Hid_Descriptor                     0x200000c4   Data           8  usb_prop.o(.data)
    String_Descriptor                        0x200000cc   Data          32  usb_prop.o(.data)
    ProtocolValue                            0x200000ec   Data           4  usb_prop.o(.data)
    bDeviceState                             0x200000f0   Data           1  usb_pwr.o(.data)
    fSuspendEnabled                          0x200000f1   Data           1  usb_pwr.o(.data)
    ResumeS                                  0x200000f2   Data           2  usb_pwr.o(.data)
    SystemCoreClock                          0x200000f4   Data           4  system_stm32f10x.o(.data)
    AHBPrescTable                            0x200000f8   Data          16  system_stm32f10x.o(.data)
    StatusInfo                               0x2000011c   Data           2  usb_core.o(.data)
    EPindex                                  0x20000120   Data           1  usb_init.o(.data)
    pInformation                             0x20000124   Data           4  usb_init.o(.data)
    pProperty                                0x20000128   Data           4  usb_init.o(.data)
    SaveState                                0x2000012c   Data           2  usb_init.o(.data)
    wInterrupt_Mask                          0x2000012e   Data           2  usb_init.o(.data)
    pUser_Standard_Requests                  0x20000130   Data           4  usb_init.o(.data)
    SaveRState                               0x20000134   Data           2  usb_int.o(.data)
    SaveTState                               0x20000136   Data           2  usb_int.o(.data)
    recv                                     0x20000138   Data          32  main.o(.bss)
    Device_Info                              0x20000158   Data          28  usb_init.o(.bss)
    __libspace_start                         0x20000174   Data          96  libspace.o(.bss)
    __temporary_stack_top$libspace           0x200001d4   Data           0  libspace.o(.bss)



==============================================================================

Memory Map of the image

  Image Entry point : 0x080000ed

  Load Region LR_IROM1 (Base: 0x08000000, Size: 0x0000363c, Max: 0x00020000, ABSOLUTE, COMPRESSED[0x00003584])

    Execution Region ER_IROM1 (Base: 0x08000000, Size: 0x00003504, Max: 0x00020000, ABSOLUTE)

    Base Addr    Size         Type   Attr      Idx    E Section Name        Object

    0x08000000   0x000000ec   Data   RO          336    RESET               startup_stm32f10x_md.o
    0x080000ec   0x00000008   Code   RO          555  * !!!main             c_w.l(__main.o)
    0x080000f4   0x00000034   Code   RO          709    !!!scatter          c_w.l(__scatter.o)
    0x08000128   0x0000005a   Code   RO          707    !!dczerorl2         c_w.l(__dczerorl2.o)
    0x08000182   0x00000002   PAD
    0x08000184   0x0000001c   Code   RO          711    !!handler_zi        c_w.l(__scatter_zi.o)
    0x080001a0   0x00000002   Code   RO          584    .ARM.Collect$$libinit$$00000000  c_w.l(libinit.o)
    0x080001a2   0x00000000   Code   RO          591    .ARM.Collect$$libinit$$00000002  c_w.l(libinit2.o)
    0x080001a2   0x00000000   Code   RO          594    .ARM.Collect$$libinit$$00000008  c_w.l(libinit2.o)
    0x080001a2   0x00000000   Code   RO          596    .ARM.Collect$$libinit$$0000000A  c_w.l(libinit2.o)
    0x080001a2   0x00000000   Code   RO          598    .ARM.Collect$$libinit$$0000000C  c_w.l(libinit2.o)
    0x080001a2   0x00000000   Code   RO          601    .ARM.Collect$$libinit$$0000000F  c_w.l(libinit2.o)
    0x080001a2   0x00000000   Code   RO          603    .ARM.Collect$$libinit$$00000011  c_w.l(libinit2.o)
    0x080001a2   0x00000000   Code   RO          605    .ARM.Collect$$libinit$$00000013  c_w.l(libinit2.o)
    0x080001a2   0x00000000   Code   RO          607    .ARM.Collect$$libinit$$00000015  c_w.l(libinit2.o)
    0x080001a2   0x00000000   Code   RO          609    .ARM.Collect$$libinit$$00000017  c_w.l(libinit2.o)
    0x080001a2   0x00000000   Code   RO          611    .ARM.Collect$$libinit$$00000019  c_w.l(libinit2.o)
    0x080001a2   0x00000000   Code   RO          613    .ARM.Collect$$libinit$$0000001B  c_w.l(libinit2.o)
    0x080001a2   0x00000000   Code   RO          615    .ARM.Collect$$libinit$$0000001D  c_w.l(libinit2.o)
    0x080001a2   0x00000000   Code   RO          617    .ARM.Collect$$libinit$$0000001F  c_w.l(libinit2.o)
    0x080001a2   0x00000000   Code   RO          619    .ARM.Collect$$libinit$$00000021  c_w.l(libinit2.o)
    0x080001a2   0x00000000   Code   RO          621    .ARM.Collect$$libinit$$00000023  c_w.l(libinit2.o)
    0x080001a2   0x00000000   Code   RO          625    .ARM.Collect$$libinit$$0000002A  c_w.l(libinit2.o)
    0x080001a2   0x00000000   Code   RO          627    .ARM.Collect$$libinit$$0000002C  c_w.l(libinit2.o)
    0x080001a2   0x00000000   Code   RO          629    .ARM.Collect$$libinit$$0000002E  c_w.l(libinit2.o)
    0x080001a2   0x00000000   Code   RO          631    .ARM.Collect$$libinit$$00000030  c_w.l(libinit2.o)
    0x080001a2   0x00000002   Code   RO          632    .ARM.Collect$$libinit$$00000031  c_w.l(libinit2.o)
    0x080001a4   0x00000002   Code   RO          650    .ARM.Collect$$libshutdown$$00000000  c_w.l(libshutdown.o)
    0x080001a6   0x00000000   Code   RO          661    .ARM.Collect$$libshutdown$$00000003  c_w.l(libshutdown2.o)
    0x080001a6   0x00000000   Code   RO          664    .ARM.Collect$$libshutdown$$00000006  c_w.l(libshutdown2.o)
    0x080001a6   0x00000000   Code   RO          667    .ARM.Collect$$libshutdown$$00000009  c_w.l(libshutdown2.o)
    0x080001a6   0x00000000   Code   RO          669    .ARM.Collect$$libshutdown$$0000000B  c_w.l(libshutdown2.o)
    0x080001a6   0x00000000   Code   RO          672    .ARM.Collect$$libshutdown$$0000000E  c_w.l(libshutdown2.o)
    0x080001a6   0x00000002   Code   RO          673    .ARM.Collect$$libshutdown$$0000000F  c_w.l(libshutdown2.o)
    0x080001a8   0x00000000   Code   RO          559    .ARM.Collect$$rtentry$$00000000  c_w.l(rtentry.o)
    0x080001a8   0x00000000   Code   RO          561    .ARM.Collect$$rtentry$$00000002  c_w.l(rtentry2.o)
    0x080001a8   0x00000006   Code   RO          573    .ARM.Collect$$rtentry$$00000004  c_w.l(rtentry4.o)
    0x080001ae   0x00000000   Code   RO          563    .ARM.Collect$$rtentry$$00000009  c_w.l(rtentry2.o)
    0x080001ae   0x00000004   Code   RO          564    .ARM.Collect$$rtentry$$0000000A  c_w.l(rtentry2.o)
    0x080001b2   0x00000000   Code   RO          566    .ARM.Collect$$rtentry$$0000000C  c_w.l(rtentry2.o)
    0x080001b2   0x00000008   Code   RO          567    .ARM.Collect$$rtentry$$0000000D  c_w.l(rtentry2.o)
    0x080001ba   0x00000002   Code   RO          588    .ARM.Collect$$rtexit$$00000000  c_w.l(rtexit.o)
    0x080001bc   0x00000000   Code   RO          634    .ARM.Collect$$rtexit$$00000002  c_w.l(rtexit2.o)
    0x080001bc   0x00000004   Code   RO          635    .ARM.Collect$$rtexit$$00000003  c_w.l(rtexit2.o)
    0x080001c0   0x00000006   Code   RO          636    .ARM.Collect$$rtexit$$00000004  c_w.l(rtexit2.o)
    0x080001c6   0x00000002   PAD
    0x080001c8   0x0000008c   Code   RO            1    .text               main.o
    0x08000254   0x00000048   Code   RO          148    .text               stm32f10x_it.o
    0x0800029c   0x000003a4   Code   RO          167    .text               24l01.o
    0x08000640   0x00000098   Code   RO          183    .text               usart.o
    0x080006d8   0x0000015c   Code   RO          205    .text               hw_config.o
    0x08000834   0x000000f8   Code   RO          251    .text               usb_istr.o
    0x0800092c   0x00000218   Code   RO          276    .text               usb_prop.o
    0x08000b44   0x00000148   Code   RO          303    .text               usb_pwr.o
    0x08000c8c   0x0000000c   Code   RO          321    .text               usb_endp.o
    0x08000c98   0x00000040   Code   RO          337    .text               startup_stm32f10x_md.o
    0x08000cd8   0x000001dc   Code   RO          352    .text               system_stm32f10x.o
    0x08000eb4   0x000000dc   Code   RO          389    .text               misc.o
    0x08000f90   0x0000030c   Code   RO          401    .text               stm32f10x_spi.o
    0x0800129c   0x000003a4   Code   RO          413    .text               stm32f10x_rcc.o
    0x08001640   0x00000408   Code   RO          427    .text               stm32f10x_usart.o
    0x08001a48   0x00000358   Code   RO          439    .text               stm32f10x_gpio.o
    0x08001da0   0x0000011c   Code   RO          451    .text               stm32f10x_exti.o
    0x08001ebc   0x00000a50   Code   RO          463    .text               usb_core.o
    0x0800290c   0x0000003c   Code   RO          478    .text               usb_init.o
    0x08002948   0x000002b8   Code   RO          501    .text               usb_int.o
    0x08002c00   0x0000005c   Code   RO          525    .text               usb_mem.o
    0x08002c5c   0x00000740   Code   RO          537    .text               usb_regs.o
    0x0800339c   0x00000002   Code   RO          551    .text               c_w.l(use_no_semi_2.o)
    0x0800339e   0x00000006   Code   RO          553    .text               c_w.l(heapauxi.o)
    0x080033a4   0x00000002   Code   RO          557    .text               c_w.l(use_no_semi.o)
    0x080033a6   0x0000004a   Code   RO          575    .text               c_w.l(sys_stackheap_outer.o)
    0x080033f0   0x0000000c   Code   RO          577    .text               c_w.l(exit.o)
    0x080033fc   0x00000008   Code   RO          585    .text               c_w.l(libspace.o)
    0x08003404   0x000000e0   Data   RO          239    .constdata          usb_desc.o
    0x080034e4   0x00000020   Data   RO          705    Region$$Table       anon$$obj.o


    Execution Region RW_IRAM1 (Base: 0x20000000, Size: 0x000007d8, Max: 0x00005000, ABSOLUTE, COMPRESSED[0x00000080])

    Base Addr    Size         Type   Attr      Idx    E Section Name        Object

    0x20000000   0x00000014   Data   RW            3    .data               main.o
    0x20000014   0x0000003e   Data   RW          252    .data               usb_istr.o
    0x20000052   0x00000002   PAD
    0x20000054   0x0000009c   Data   RW          277    .data               usb_prop.o
    0x200000f0   0x00000004   Data   RW          304    .data               usb_pwr.o
    0x200000f4   0x00000014   Data   RW          353    .data               system_stm32f10x.o
    0x20000108   0x00000014   Data   RW          414    .data               stm32f10x_rcc.o
    0x2000011c   0x00000002   Data   RW          464    .data               usb_core.o
    0x2000011e   0x00000002   PAD
    0x20000120   0x00000014   Data   RW          480    .data               usb_init.o
    0x20000134   0x00000004   Data   RW          502    .data               usb_int.o
    0x20000138   0x00000020   Zero   RW            2    .bss                main.o
    0x20000158   0x0000001c   Zero   RW          479    .bss                usb_init.o
    0x20000174   0x00000060   Zero   RW          586    .bss                c_w.l(libspace.o)
    0x200001d4   0x00000004   PAD
    0x200001d8   0x00000200   Zero   RW          335    HEAP                startup_stm32f10x_md.o
    0x200003d8   0x00000400   Zero   RW          334    STACK               startup_stm32f10x_md.o


==============================================================================

Image component sizes


      Code (inc. data)   RO Data    RW Data    ZI Data      Debug   Object Name

       932         22          0          0          0       3847   24l01.o
       348         22          0          0          0       2444   hw_config.o
       140         22          0         20         32     252598   main.o
       220         20          0          0          0       1877   misc.o
        64         26        236          0       1536        892   startup_stm32f10x_md.o
       284         10          0          0          0       2307   stm32f10x_exti.o
       856         40          0          0          0       5717   stm32f10x_gpio.o
        72          8          0          0          0       1542   stm32f10x_it.o
       932         44          0         20          0       8896   stm32f10x_rcc.o
       780         14          0          0          0       6602   stm32f10x_spi.o
      1032         22          0          0          0       8444   stm32f10x_usart.o
       476         36          0         20          0       1995   system_stm32f10x.o
       152          8          0          0          0       2384   usart.o
      2640         98          0          2          0       7852   usb_core.o
         0          0        224          0          0       1001   usb_desc.o
        12          4          0          0          0        418   usb_endp.o
        60         24          0         20         28       3994   usb_init.o
       696         30          0          4          0       1328   usb_int.o
       248         26          0         62          0       1256   usb_istr.o
        92          6          0          0          0       1330   usb_mem.o
       536         48          0        156          0       7074   usb_prop.o
       328         22          0          4          0       2537   usb_pwr.o
      1856         18          0          0          0      11477   usb_regs.o

    ----------------------------------------------------------------------
     12756        570        492        312       1596     337812   Object Totals
         0          0         32          0          0          0   (incl. Generated)
         0          0          0          4          0          0   (incl. Padding)

    ----------------------------------------------------------------------

      Code (inc. data)   RO Data    RW Data    ZI Data      Debug   Library Member Name

        90          0          0          0          0          0   __dczerorl2.o
         8          0          0          0          0         68   __main.o
        52          8          0          0          0          0   __scatter.o
        28          0          0          0          0          0   __scatter_zi.o
        12          0          0          0          0         72   exit.o
         6          0          0          0          0        152   heapauxi.o
         2          0          0          0          0          0   libinit.o
         2          0          0          0          0          0   libinit2.o
         2          0          0          0          0          0   libshutdown.o
         2          0          0          0          0          0   libshutdown2.o
         8          4          0          0         96         68   libspace.o
         0          0          0          0          0          0   rtentry.o
        12          0          0          0          0          0   rtentry2.o
         6          0          0          0          0          0   rtentry4.o
         2          0          0          0          0          0   rtexit.o
        10          0          0          0          0          0   rtexit2.o
        74          0          0          0          0         80   sys_stackheap_outer.o
         2          0          0          0          0         68   use_no_semi.o
         2          0          0          0          0         68   use_no_semi_2.o

    ----------------------------------------------------------------------
       324         12          0          0        100        576   Library Totals
         4          0          0          0          4          0   (incl. Padding)

    ----------------------------------------------------------------------

      Code (inc. data)   RO Data    RW Data    ZI Data      Debug   Library Name

       320         12          0          0         96        576   c_w.l

    ----------------------------------------------------------------------
       324         12          0          0        100        576   Library Totals

    ----------------------------------------------------------------------

==============================================================================


      Code (inc. data)   RO Data    RW Data    ZI Data      Debug   

     13080        582        492        312       1696     335996   Grand Totals
     13080        582        492        128       1696     335996   ELF Image Totals (compressed)
     13080        582        492        128          0          0   ROM Totals

==============================================================================

    Total RO  Size (Code + RO Data)                13572 (  13.25kB)
    Total RW  Size (RW Data + ZI Data)              2008 (   1.96kB)
    Total ROM Size (Code + RO Data + RW Data)      13700 (  13.38kB)

==============================================================================

